2026-08-10 20:28:48,062 ERROR 竞彩场次预测失败：2040794
Traceback (most recent call last):
  File "/home/administrator/ProphitBet/src/services/daily_sporttery.py", line 337, in run_daily_sporttery
    predictions.append(_predict_supported_match(
                       ^^^^^^^^^^^^^^^^^^^^^^^^^
  File "/home/administrator/ProphitBet/src/services/daily_sporttery.py", line 156, in _predict_supported_match
    result_prob, _ = _model_probabilities(model_db, f'{league}胜平负模型', fixture)
                     ^^^^^^^^^^^^^^^^^^^^^^^^^^^^^^^^^^^^^^^^^^^^^^^^^^^^^^^^^^^^^^
  File "/home/administrator/ProphitBet/src/services/daily_sporttery.py", line 96, in _model_probabilities
    raise RuntimeError(f'找不到模型：{model_id}')
RuntimeError: 找不到模型：瑞超胜平负模型
2026-08-10 20:28:48,112 ERROR 竞彩场次预测失败：2040795
Traceback (most recent call last):
  File "/home/administrator/ProphitBet/src/services/daily_sporttery.py", line 337, in run_daily_sporttery
    predictions.append(_predict_supported_match(
                       ^^^^^^^^^^^^^^^^^^^^^^^^^
  File "/home/administrator/ProphitBet/src/services/daily_sporttery.py", line 156, in _predict_supported_match
    result_prob, _ = _model_probabilities(model_db, f'{league}胜平负模型', fixture)
                     ^^^^^^^^^^^^^^^^^^^^^^^^^^^^^^^^^^^^^^^^^^^^^^^^^^^^^^^^^^^^^^
  File "/home/administrator/ProphitBet/src/services/daily_sporttery.py", line 96, in _model_probabilities
    raise RuntimeError(f'找不到模型：{model_id}')
RuntimeError: 找不到模型：瑞超胜平负模型
2026-08-10 20:28:48,186 ERROR 竞彩场次预测失败：2040796
Traceback (most recent call last):
  File "/home/administrator/ProphitBet/src/services/daily_sporttery.py", line 337, in run_daily_sporttery
    predictions.append(_predict_supported_match(
                       ^^^^^^^^^^^^^^^^^^^^^^^^^
  File "/home/administrator/ProphitBet/src/services/daily_sporttery.py", line 156, in _predict_supported_match
    result_prob, _ = _model_probabilities(model_db, f'{league}胜平负模型', fixture)
                     ^^^^^^^^^^^^^^^^^^^^^^^^^^^^^^^^^^^^^^^^^^^^^^^^^^^^^^^^^^^^^^
  File "/home/administrator/ProphitBet/src/services/daily_sporttery.py", line 96, in _model_probabilities
    raise RuntimeError(f'找不到模型：{model_id}')
RuntimeError: 找不到模型：葡超胜平负模型
2026-08-18 20:03:11,127 ERROR ClubElo 获取失败：2026-08-17
Traceback (most recent call last):
  File "/home/administrator/ProphitBet/src/services/daily_sporttery.py", line 213, in _clubelo_ratings
    with urlopen(url, timeout=25) as response:
         ^^^^^^^^^^^^^^^^^^^^^^^^
  File "/home/administrator/.local/share/uv/python/cpython-3.11.15-linux-x86_64-gnu/lib/python3.11/urllib/request.py", line 216, in urlopen
    return opener.open(url, data, timeout)
           ^^^^^^^^^^^^^^^^^^^^^^^^^^^^^^^
  File "/home/administrator/.local/share/uv/python/cpython-3.11.15-linux-x86_64-gnu/lib/python3.11/urllib/request.py", line 519, in open
    response = self._open(req, data)
               ^^^^^^^^^^^^^^^^^^^^^
  File "/home/administrator/.local/share/uv/python/cpython-3.11.15-linux-x86_64-gnu/lib/python3.11/urllib/request.py", line 536, in _open
    result = self._call_chain(self.handle_open, protocol, protocol +
             ^^^^^^^^^^^^^^^^^^^^^^^^^^^^^^^^^^^^^^^^^^^^^^^^^^^^^^^
  File "/home/administrator/.local/share/uv/python/cpython-3.11.15-linux-x86_64-gnu/lib/python3.11/urllib/request.py", line 496, in _call_chain
    result = func(*args)
             ^^^^^^^^^^^
  File "/home/administrator/.local/share/uv/python/cpython-3.11.15-linux-x86_64-gnu/lib/python3.11/urllib/request.py", line 1377, in http_open
    return self.do_open(http.client.HTTPConnection, req)
           ^^^^^^^^^^^^^^^^^^^^^^^^^^^^^^^^^^^^^^^^^^^^^
  File "/home/administrator/.local/share/uv/python/cpython-3.11.15-linux-x86_64-gnu/lib/python3.11/urllib/request.py", line 1352, in do_open
    r = h.getresponse()
        ^^^^^^^^^^^^^^^
  File "/home/administrator/.local/share/uv/python/cpython-3.11.15-linux-x86_64-gnu/lib/python3.11/http/client.py", line 1415, in getresponse
    response.begin()
  File "/home/administrator/.local/share/uv/python/cpython-3.11.15-linux-x86_64-gnu/lib/python3.11/http/client.py", line 330, in begin
    version, status, reason = self._read_status()
                              ^^^^^^^^^^^^^^^^^^^
  File "/home/administrator/.local/share/uv/python/cpython-3.11.15-linux-x86_64-gnu/lib/python3.11/http/client.py", line 291, in _read_status
    line = str(self.fp.readline(_MAXLINE + 1), "iso-8859-1")
               ^^^^^^^^^^^^^^^^^^^^^^^^^^^^^^
  File "/home/administrator/.local/share/uv/python/cpython-3.11.15-linux-x86_64-gnu/lib/python3.11/socket.py", line 718, in readinto
    return self._sock.recv_into(b)
           ^^^^^^^^^^^^^^^^^^^^^^^
TimeoutError: timed out
2026-08-18 20:15:31,390 ERROR ClubElo 获取失败：2026-08-17
Traceback (most recent call last):
  File "/home/administrator/ProphitBet/src/services/daily_sporttery.py", line 213, in _clubelo_ratings
    with urlopen(url, timeout=25) as response:
         ^^^^^^^^^^^^^^^^^^^^^^^^
  File "/home/administrator/.local/share/uv/python/cpython-3.11.15-linux-x86_64-gnu/lib/python3.11/urllib/request.py", line 216, in urlopen
    return opener.open(url, data, timeout)
           ^^^^^^^^^^^^^^^^^^^^^^^^^^^^^^^
  File "/home/administrator/.local/share/uv/python/cpython-3.11.15-linux-x86_64-gnu/lib/python3.11/urllib/request.py", line 519, in open
    response = self._open(req, data)
               ^^^^^^^^^^^^^^^^^^^^^
  File "/home/administrator/.local/share/uv/python/cpython-3.11.15-linux-x86_64-gnu/lib/python3.11/urllib/request.py", line 536, in _open
    result = self._call_chain(self.handle_open, protocol, protocol +
             ^^^^^^^^^^^^^^^^^^^^^^^^^^^^^^^^^^^^^^^^^^^^^^^^^^^^^^^
  File "/home/administrator/.local/share/uv/python/cpython-3.11.15-linux-x86_64-gnu/lib/python3.11/urllib/request.py", line 496, in _call_chain
    result = func(*args)
             ^^^^^^^^^^^
  File "/home/administrator/.local/share/uv/python/cpython-3.11.15-linux-x86_64-gnu/lib/python3.11/urllib/request.py", line 1377, in http_open
    return self.do_open(http.client.HTTPConnection, req)
           ^^^^^^^^^^^^^^^^^^^^^^^^^^^^^^^^^^^^^^^^^^^^^
  File "/home/administrator/.local/share/uv/python/cpython-3.11.15-linux-x86_64-gnu/lib/python3.11/urllib/request.py", line 1352, in do_open
    r = h.getresponse()
        ^^^^^^^^^^^^^^^
  File "/home/administrator/.local/share/uv/python/cpython-3.11.15-linux-x86_64-gnu/lib/python3.11/http/client.py", line 1415, in getresponse
    response.begin()
  File "/home/administrator/.local/share/uv/python/cpython-3.11.15-linux-x86_64-gnu/lib/python3.11/http/client.py", line 330, in begin
    version, status, reason = self._read_status()
                              ^^^^^^^^^^^^^^^^^^^
  File "/home/administrator/.local/share/uv/python/cpython-3.11.15-linux-x86_64-gnu/lib/python3.11/http/client.py", line 291, in _read_status
    line = str(self.fp.readline(_MAXLINE + 1), "iso-8859-1")
               ^^^^^^^^^^^^^^^^^^^^^^^^^^^^^^
  File "/home/administrator/.local/share/uv/python/cpython-3.11.15-linux-x86_64-gnu/lib/python3.11/socket.py", line 718, in readinto
    return self._sock.recv_into(b)
           ^^^^^^^^^^^^^^^^^^^^^^^
TimeoutError: timed out
2026-08-18 20:18:56,226 ERROR ClubElo 获取失败：2026-08-17
Traceback (most recent call last):
  File "/home/administrator/ProphitBet/src/services/daily_sporttery.py", line 213, in _clubelo_ratings
    with urlopen(url, timeout=25) as response:
         ^^^^^^^^^^^^^^^^^^^^^^^^
  File "/home/administrator/.local/share/uv/python/cpython-3.11.15-linux-x86_64-gnu/lib/python3.11/urllib/request.py", line 216, in urlopen
    return opener.open(url, data, timeout)
           ^^^^^^^^^^^^^^^^^^^^^^^^^^^^^^^
  File "/home/administrator/.local/share/uv/python/cpython-3.11.15-linux-x86_64-gnu/lib/python3.11/urllib/request.py", line 519, in open
    response = self._open(req, data)
               ^^^^^^^^^^^^^^^^^^^^^
  File "/home/administrator/.local/share/uv/python/cpython-3.11.15-linux-x86_64-gnu/lib/python3.11/urllib/request.py", line 536, in _open
    result = self._call_chain(self.handle_open, protocol, protocol +
             ^^^^^^^^^^^^^^^^^^^^^^^^^^^^^^^^^^^^^^^^^^^^^^^^^^^^^^^
  File "/home/administrator/.local/share/uv/python/cpython-3.11.15-linux-x86_64-gnu/lib/python3.11/urllib/request.py", line 496, in _call_chain
    result = func(*args)
             ^^^^^^^^^^^
  File "/home/administrator/.local/share/uv/python/cpython-3.11.15-linux-x86_64-gnu/lib/python3.11/urllib/request.py", line 1377, in http_open
    return self.do_open(http.client.HTTPConnection, req)
           ^^^^^^^^^^^^^^^^^^^^^^^^^^^^^^^^^^^^^^^^^^^^^
  File "/home/administrator/.local/share/uv/python/cpython-3.11.15-linux-x86_64-gnu/lib/python3.11/urllib/request.py", line 1352, in do_open
    r = h.getresponse()
        ^^^^^^^^^^^^^^^
  File "/home/administrator/.local/share/uv/python/cpython-3.11.15-linux-x86_64-gnu/lib/python3.11/http/client.py", line 1415, in getresponse
    response.begin()
  File "/home/administrator/.local/share/uv/python/cpython-3.11.15-linux-x86_64-gnu/lib/python3.11/http/client.py", line 330, in begin
    version, status, reason = self._read_status()
                              ^^^^^^^^^^^^^^^^^^^
  File "/home/administrator/.local/share/uv/python/cpython-3.11.15-linux-x86_64-gnu/lib/python3.11/http/client.py", line 291, in _read_status
    line = str(self.fp.readline(_MAXLINE + 1), "iso-8859-1")
               ^^^^^^^^^^^^^^^^^^^^^^^^^^^^^^
  File "/home/administrator/.local/share/uv/python/cpython-3.11.15-linux-x86_64-gnu/lib/python3.11/socket.py", line 718, in readinto
    return self._sock.recv_into(b)
           ^^^^^^^^^^^^^^^^^^^^^^^
TimeoutError: timed out
2026-08-18 20:30:02,324 ERROR ClubElo 获取失败：2026-08-17
Traceback (most recent call last):
  File "/home/administrator/ProphitBet/src/services/daily_sporttery.py", line 214, in _clubelo_ratings
    with urlopen(url, timeout=25) as response:
         ^^^^^^^^^^^^^^^^^^^^^^^^
  File "/home/administrator/.local/share/uv/python/cpython-3.11.15-linux-x86_64-gnu/lib/python3.11/urllib/request.py", line 216, in urlopen
    return opener.open(url, data, timeout)
           ^^^^^^^^^^^^^^^^^^^^^^^^^^^^^^^
  File "/home/administrator/.local/share/uv/python/cpython-3.11.15-linux-x86_64-gnu/lib/python3.11/urllib/request.py", line 519, in open
    response = self._open(req, data)
               ^^^^^^^^^^^^^^^^^^^^^
  File "/home/administrator/.local/share/uv/python/cpython-3.11.15-linux-x86_64-gnu/lib/python3.11/urllib/request.py", line 536, in _open
    result = self._call_chain(self.handle_open, protocol, protocol +
             ^^^^^^^^^^^^^^^^^^^^^^^^^^^^^^^^^^^^^^^^^^^^^^^^^^^^^^^
  File "/home/administrator/.local/share/uv/python/cpython-3.11.15-linux-x86_64-gnu/lib/python3.11/urllib/request.py", line 496, in _call_chain
    result = func(*args)
             ^^^^^^^^^^^
  File "/home/administrator/.local/share/uv/python/cpython-3.11.15-linux-x86_64-gnu/lib/python3.11/urllib/request.py", line 1377, in http_open
    return self.do_open(http.client.HTTPConnection, req)
           ^^^^^^^^^^^^^^^^^^^^^^^^^^^^^^^^^^^^^^^^^^^^^
  File "/home/administrator/.local/share/uv/python/cpython-3.11.15-linux-x86_64-gnu/lib/python3.11/urllib/request.py", line 1352, in do_open
    r = h.getresponse()
        ^^^^^^^^^^^^^^^
  File "/home/administrator/.local/share/uv/python/cpython-3.11.15-linux-x86_64-gnu/lib/python3.11/http/client.py", line 1415, in getresponse
    response.begin()
  File "/home/administrator/.local/share/uv/python/cpython-3.11.15-linux-x86_64-gnu/lib/python3.11/http/client.py", line 330, in begin
    version, status, reason = self._read_status()
                              ^^^^^^^^^^^^^^^^^^^
  File "/home/administrator/.local/share/uv/python/cpython-3.11.15-linux-x86_64-gnu/lib/python3.11/http/client.py", line 291, in _read_status
    line = str(self.fp.readline(_MAXLINE + 1), "iso-8859-1")
               ^^^^^^^^^^^^^^^^^^^^^^^^^^^^^^
  File "/home/administrator/.local/share/uv/python/cpython-3.11.15-linux-x86_64-gnu/lib/python3.11/socket.py", line 718, in readinto
    return self._sock.recv_into(b)
           ^^^^^^^^^^^^^^^^^^^^^^^
TimeoutError: timed out
2026-08-18 20:49:58,117 ERROR ClubElo 获取失败：2026-08-17
Traceback (most recent call last):
  File "/home/administrator/ProphitBet/src/services/daily_sporttery.py", line 214, in _clubelo_ratings
    with urlopen(url, timeout=25) as response:
         ^^^^^^^^^^^^^^^^^^^^^^^^
  File "/home/administrator/.local/share/uv/python/cpython-3.11.15-linux-x86_64-gnu/lib/python3.11/urllib/request.py", line 216, in urlopen
    return opener.open(url, data, timeout)
           ^^^^^^^^^^^^^^^^^^^^^^^^^^^^^^^
  File "/home/administrator/.local/share/uv/python/cpython-3.11.15-linux-x86_64-gnu/lib/python3.11/urllib/request.py", line 519, in open
    response = self._open(req, data)
               ^^^^^^^^^^^^^^^^^^^^^
  File "/home/administrator/.local/share/uv/python/cpython-3.11.15-linux-x86_64-gnu/lib/python3.11/urllib/request.py", line 536, in _open
    result = self._call_chain(self.handle_open, protocol, protocol +
             ^^^^^^^^^^^^^^^^^^^^^^^^^^^^^^^^^^^^^^^^^^^^^^^^^^^^^^^
  File "/home/administrator/.local/share/uv/python/cpython-3.11.15-linux-x86_64-gnu/lib/python3.11/urllib/request.py", line 496, in _call_chain
    result = func(*args)
             ^^^^^^^^^^^
  File "/home/administrator/.local/share/uv/python/cpython-3.11.15-linux-x86_64-gnu/lib/python3.11/urllib/request.py", line 1377, in http_open
    return self.do_open(http.client.HTTPConnection, req)
           ^^^^^^^^^^^^^^^^^^^^^^^^^^^^^^^^^^^^^^^^^^^^^
  File "/home/administrator/.local/share/uv/python/cpython-3.11.15-linux-x86_64-gnu/lib/python3.11/urllib/request.py", line 1352, in do_open
    r = h.getresponse()
        ^^^^^^^^^^^^^^^
  File "/home/administrator/.local/share/uv/python/cpython-3.11.15-linux-x86_64-gnu/lib/python3.11/http/client.py", line 1415, in getresponse
    response.begin()
  File "/home/administrator/.local/share/uv/python/cpython-3.11.15-linux-x86_64-gnu/lib/python3.11/http/client.py", line 330, in begin
    version, status, reason = self._read_status()
                              ^^^^^^^^^^^^^^^^^^^
  File "/home/administrator/.local/share/uv/python/cpython-3.11.15-linux-x86_64-gnu/lib/python3.11/http/client.py", line 291, in _read_status
    line = str(self.fp.readline(_MAXLINE + 1), "iso-8859-1")
               ^^^^^^^^^^^^^^^^^^^^^^^^^^^^^^
  File "/home/administrator/.local/share/uv/python/cpython-3.11.15-linux-x86_64-gnu/lib/python3.11/socket.py", line 718, in readinto
    return self._sock.recv_into(b)
           ^^^^^^^^^^^^^^^^^^^^^^^
TimeoutError: timed out
2026-08-18 21:24:22,551 ERROR ClubElo 获取失败：2026-08-17
Traceback (most recent call last):
  File "/home/administrator/ProphitBet/src/services/daily_sporttery.py", line 214, in _clubelo_ratings
    with urlopen(url, timeout=25) as response:
         ^^^^^^^^^^^^^^^^^^^^^^^^
  File "/home/administrator/.local/share/uv/python/cpython-3.11.15-linux-x86_64-gnu/lib/python3.11/urllib/request.py", line 216, in urlopen
    return opener.open(url, data, timeout)
           ^^^^^^^^^^^^^^^^^^^^^^^^^^^^^^^
  File "/home/administrator/.local/share/uv/python/cpython-3.11.15-linux-x86_64-gnu/lib/python3.11/urllib/request.py", line 519, in open
    response = self._open(req, data)
               ^^^^^^^^^^^^^^^^^^^^^
  File "/home/administrator/.local/share/uv/python/cpython-3.11.15-linux-x86_64-gnu/lib/python3.11/urllib/request.py", line 536, in _open
    result = self._call_chain(self.handle_open, protocol, protocol +
             ^^^^^^^^^^^^^^^^^^^^^^^^^^^^^^^^^^^^^^^^^^^^^^^^^^^^^^^
  File "/home/administrator/.local/share/uv/python/cpython-3.11.15-linux-x86_64-gnu/lib/python3.11/urllib/request.py", line 496, in _call_chain
    result = func(*args)
             ^^^^^^^^^^^
  File "/home/administrator/.local/share/uv/python/cpython-3.11.15-linux-x86_64-gnu/lib/python3.11/urllib/request.py", line 1377, in http_open
    return self.do_open(http.client.HTTPConnection, req)
           ^^^^^^^^^^^^^^^^^^^^^^^^^^^^^^^^^^^^^^^^^^^^^
  File "/home/administrator/.local/share/uv/python/cpython-3.11.15-linux-x86_64-gnu/lib/python3.11/urllib/request.py", line 1352, in do_open
    r = h.getresponse()
        ^^^^^^^^^^^^^^^
  File "/home/administrator/.local/share/uv/python/cpython-3.11.15-linux-x86_64-gnu/lib/python3.11/http/client.py", line 1415, in getresponse
    response.begin()
  File "/home/administrator/.local/share/uv/python/cpython-3.11.15-linux-x86_64-gnu/lib/python3.11/http/client.py", line 330, in begin
    version, status, reason = self._read_status()
                              ^^^^^^^^^^^^^^^^^^^
  File "/home/administrator/.local/share/uv/python/cpython-3.11.15-linux-x86_64-gnu/lib/python3.11/http/client.py", line 291, in _read_status
    line = str(self.fp.readline(_MAXLINE + 1), "iso-8859-1")
               ^^^^^^^^^^^^^^^^^^^^^^^^^^^^^^
  File "/home/administrator/.local/share/uv/python/cpython-3.11.15-linux-x86_64-gnu/lib/python3.11/socket.py", line 718, in readinto
    return self._sock.recv_into(b)
           ^^^^^^^^^^^^^^^^^^^^^^^
TimeoutError: timed out
2026-08-18 21:32:23,119 ERROR ClubElo 获取失败：2026-08-17
Traceback (most recent call last):
  File "/home/administrator/ProphitBet/src/services/daily_sporttery.py", line 217, in _clubelo_ratings
    with urlopen(url, timeout=8) as response:
         ^^^^^^^^^^^^^^^^^^^^^^^
  File "/home/administrator/.local/share/uv/python/cpython-3.11.15-linux-x86_64-gnu/lib/python3.11/urllib/request.py", line 216, in urlopen
    return opener.open(url, data, timeout)
           ^^^^^^^^^^^^^^^^^^^^^^^^^^^^^^^
  File "/home/administrator/.local/share/uv/python/cpython-3.11.15-linux-x86_64-gnu/lib/python3.11/urllib/request.py", line 519, in open
    response = self._open(req, data)
               ^^^^^^^^^^^^^^^^^^^^^
  File "/home/administrator/.local/share/uv/python/cpython-3.11.15-linux-x86_64-gnu/lib/python3.11/urllib/request.py", line 536, in _open
    result = self._call_chain(self.handle_open, protocol, protocol +
             ^^^^^^^^^^^^^^^^^^^^^^^^^^^^^^^^^^^^^^^^^^^^^^^^^^^^^^^
  File "/home/administrator/.local/share/uv/python/cpython-3.11.15-linux-x86_64-gnu/lib/python3.11/urllib/request.py", line 496, in _call_chain
    result = func(*args)
             ^^^^^^^^^^^
  File "/home/administrator/.local/share/uv/python/cpython-3.11.15-linux-x86_64-gnu/lib/python3.11/urllib/request.py", line 1377, in http_open
    return self.do_open(http.client.HTTPConnection, req)
           ^^^^^^^^^^^^^^^^^^^^^^^^^^^^^^^^^^^^^^^^^^^^^
  File "/home/administrator/.local/share/uv/python/cpython-3.11.15-linux-x86_64-gnu/lib/python3.11/urllib/request.py", line 1352, in do_open
    r = h.getresponse()
        ^^^^^^^^^^^^^^^
  File "/home/administrator/.local/share/uv/python/cpython-3.11.15-linux-x86_64-gnu/lib/python3.11/http/client.py", line 1415, in getresponse
    response.begin()
  File "/home/administrator/.local/share/uv/python/cpython-3.11.15-linux-x86_64-gnu/lib/python3.11/http/client.py", line 330, in begin
    version, status, reason = self._read_status()
                              ^^^^^^^^^^^^^^^^^^^
  File "/home/administrator/.local/share/uv/python/cpython-3.11.15-linux-x86_64-gnu/lib/python3.11/http/client.py", line 291, in _read_status
    line = str(self.fp.readline(_MAXLINE + 1), "iso-8859-1")
               ^^^^^^^^^^^^^^^^^^^^^^^^^^^^^^
  File "/home/administrator/.local/share/uv/python/cpython-3.11.15-linux-x86_64-gnu/lib/python3.11/socket.py", line 718, in readinto
    return self._sock.recv_into(b)
           ^^^^^^^^^^^^^^^^^^^^^^^
TimeoutError: timed out
2026-08-18 21:42:15,990 ERROR ClubElo 获取失败：2026-08-17
NoneType: None
